<!DOCTYPE html>
<html xmlns="http://www.w3.org/1999/xhtml" xmlns="http://www.w3.org/1999/html" xml:lang="en" lang="en">
<head>
    <title>Successful Test Report</title>
    <link rel="stylesheet" href="style.css">
</head>
<body>
<main role="main">
    <h1 class="logo">LSD</h1>
    <h1>Successful Test Report</h1>
    <div class="contents">
        <h3>Contents:</h3>
        <ul class="contents">
                        <li class="success"><a href="#1">The test name</a></li>
                    </ul>
    </div>
    
    <article id="1">
        <h2 class="success">The test name</h2>
        <section class="description success">
            <h3 class="success">Description</h3>
            <p><h4 class="success">&#127808; Test Passed</h4></p>        </section>
                <section class="sequence diagram svg success">
            <h3 class="success">Sequence Diagram</h3>
            <pre><?xml version="1.0" encoding="UTF-8"?>
<svg xmlns="http://www.w3.org/2000/svg" xmlns:xlink="http://www.w3.org/1999/xlink" contentScriptType="application/ecmascript" contentStyleType="text/css" height="12px" preserveAspectRatio="none" style="width:12px;height:12px;background:#FFFFFF;" version="1.1" viewBox="0 0 12 12" width="12px" zoomAndPan="magnify">
  <defs />
  <g />
</svg>

</pre>
            <div onclick="location.href='#!';" id="2" class="overlay">
                <div class="popup" onclick="event.stopPropagation();">
                    <h2>PlantUml markup</h2>
                    <a class="close" href="#!">&times;</a>
                    <div class="content">
                        <pre><code>@startuml

!theme plain
hide unlinked




@enduml</code></pre>
                    </div>
                </div>
            </div>
            <sub><a href="#2">[source]</a></sub>
            <sub><a href="#3">[component diagram]</a></sub>
        </section>
        <!-- Popup for component diagram -->
        <div onclick="location.href='#!';" id="3" class="overlay">
            <div class="popup" onclick="event.stopPropagation();">
                <h2>Component Diagram</h2>
                <a class="close" href="#!">&times;</a>
                <div class="content">
                    <sup>[Requires Graphviz to be installed]</sup>
                    <pre><?xml version="1.0" encoding="UTF-8"?>
<svg xmlns="http://www.w3.org/2000/svg" xmlns:xlink="http://www.w3.org/1999/xlink" contentScriptType="application/ecmascript" contentStyleType="text/css" height="12px" preserveAspectRatio="none" style="width:12px;height:12px;background:#FFFFFF;" version="1.1" viewBox="0 0 12 12" width="12px" zoomAndPan="magnify">
  <defs />
  <g />
</svg>

</pre>
                </div>
                <sub><a href="#uml3">[source]</a></sub>
            </div>
        </div>
        <!-- Popup for component diagram UML via component diagram popup -->
        <div onclick="location.href='#!';" id="uml3" class="overlay">
            <div class="popup" onclick="event.stopPropagation();">
                <h2>PlantUml markup</h2>
                <a class="close" href="#3">&times;</a><!--show previous popup on close-->
                <div class="content">
                    <pre><code>@startuml

!theme plain


hide @unlinked
@enduml</code></pre>
                </div>
            </div>
        </div>
        <!-- Section containing data for sequence diagram popups -->
            </article>
    </main>
</body>
<footer>
    <link rel="stylesheet"
          href="https://cdn.jsdelivr.net/gh/highlightjs/cdn-release@11.0.0/build/styles/default.min.css">
    <script src="https://cdn.jsdelivr.net/gh/highlightjs/cdn-release@11.0.0/build/highlight.min.js"></script>
    <script>hljs.highlightAll();</script>

    <script src="https://cdnjs.cloudflare.com/ajax/libs/mark.js/8.11.1/mark.min.js"></script>
    <script>
        var options = { 
                "element": "span", 
                "className": "highlight", 
                "separateWordSearch": false,
                "acrossElements": true,
                "accuracy": { 
                    "value": "exactly", "limiters": [ ",", ".", ";", ":", "-", "(", ")"] 
                } 
        }
                                    <!-- Remove highlights in svg (causes text to disappear) -->
        instance = new Mark(document.querySelectorAll("svg"));
        instance.unmark();
    </script>
</footer>
</html>
