<!DOCTYPE html>
<html xmlns="http://www.w3.org/1999/xhtml" xmlns="http://www.w3.org/1999/html" xml:lang="en" lang="en">
<head>
    <title>Failure Test Report</title>
    <link rel="stylesheet" href="style.css">
</head>
<body>
<main role="main">
    <span onclick="location.href='lsd-index.html';" title="back to index page" class="back_to_index"></span>
    <h1 class="logo">LSD</h1>
    <h1>Failure Test Report</h1>
    
    
    

    <article id="2">
        <span onclick="location.href='#top';" title="top of page" class="back_to_top"></span>
        <h2 class="error">The test name</h2>
        <section class="description error">
            <h3 class="error">Description</h3>
            <p><h4 class="error">&#10060; Failed!</h4><a href="#1">Expected &lt;true&gt; but was &lt;false&gt;</a><div id="1" class="overlay" onclick="location.href=&#x27;#!&#x27;;"><div class="popup" onclick="event.stopPropagation();"><h2>Stacktrace</h2><a class="close" href="#!">&times;</a><div class="content">[Displaying the stacktrace was disabled or no cause was provided]</div></div></div></p>
        </section>
        
        
    </article>
    
</main>
</body>
<footer>
    <script type = "text/javascript" src = "https://d3js.org/d3.v4.min.js"></script>
    <link rel="stylesheet" href="https://cdn.jsdelivr.net/gh/highlightjs/cdn-release@11.0.0/build/styles/default.min.css">
    <script src="custom.js"></script>
    <script language = "javascript">
        addSliderForSvgZoom();
        highlightLifelinesWhenClicked();
    </script>
    <script src="https://cdn.jsdelivr.net/gh/highlightjs/cdn-release@11.0.0/build/highlight.min.js"></script>
    <script>hljs.highlightAll();</script>
    <script src="https://cdnjs.cloudflare.com/ajax/libs/mark.js/8.11.1/mark.min.js"></script>
    <script>
        highlightKeywords();
        
            
        
        unMarkSvg();
    </script>
</footer>
</html>
