<!DOCTYPE html>
<html xmlns="http://www.w3.org/1999/xhtml" xmlns="http://www.w3.org/1999/html" xml:lang="en" lang="en">
<head>
    <title>Aborted Test Report</title>
    <link rel="stylesheet" href="style.css">
</head>
<body>
<main role="main">
    <span onclick="location.href='lsd-index.html';" title="back to index page" class="back_to_index"></span>
    <h1 class="logo">LSD</h1>
    <h1>Aborted Test Report</h1>
    <div class="contents">
        <h3>Contents</h3>
        <ul class="contents">
                        <li class="warn"><a href="#2">The test name</a></li>
                    </ul>
    </div>
    
    <article id="2">
        <span onclick="location.href='#top';" title="top of page" class="back_to_top"></span>
        <h2 class="warn">The test name</h2>
        <section class="description warn">
            <h3 class="warn">Description</h3>
            <p><h4 class="error">Test Aborted!</h4><a href="#1">Aborted for testing reasons</a><div id="1" class="overlay" onclick="location.href=&#x27;#!&#x27;;"><div class="popup" onclick="event.stopPropagation();"><h2>Stacktrace</h2><a class="close" href="#!">&times;</a><div class="content">[Displaying the stacktrace was disabled or no cause was provided]</div></div></div></p>        </section>
            </article>
    </main>
</body>
<footer>
    <script type = "text/javascript" src = "https://d3js.org/d3.v4.min.js"></script>
    <link rel="stylesheet" href="https://cdn.jsdelivr.net/gh/highlightjs/cdn-release@11.0.0/build/styles/default.min.css">
    <script src="custom.js"></script>
    <script language = "javascript">
        addSliderForSvgZoom();
        highlightLifelinesWhenClicked();
    </script>
    <script src="https://cdn.jsdelivr.net/gh/highlightjs/cdn-release@11.0.0/build/highlight.min.js"></script>
    <script>hljs.highlightAll();</script>
    <script src="https://cdnjs.cloudflare.com/ajax/libs/mark.js/8.11.1/mark.min.js"></script>
    <script>
        highlightKeywords();
                unMarkSvg();
    </script>
</footer>
</html>
